// Jest Snapshot v1, https://goo.gl/fbAQLP

exports[`ActivateAccount.vue should match snapshot 1`] = `
<div
  class="container mt-3"
>
  <div
    class="row"
  >
    <div
      class="col-lg-8"
    >
      <h2>
        Activate account
      </h2>
       
      <!---->
       
      <!---->
    </div>
  </div>
</div>
`;
