// Jest Snapshot v1, https://goo.gl/fbAQLP

exports[`AdminUsers.vue should match snapshot 1`] = `
<div
  class="container mt-3"
>
  <h4
    class="d-none d-sm-block d-md-none"
  >
    Users
  </h4>
   
  <form
    class="form-inline my-4"
  >
    <div
      class="input-group mr-2"
    >
      <input
        class="form-control"
        placeholder="Search for users"
        type="text"
      />
       
      <div
        class="input-group-btn"
      >
        <button
          aria-label="Search"
          class="btn btn-secondary"
          type="submit"
        >
          <i
            class="fa fa-search"
          />
        </button>
      </div>
    </div>
     
    <select
      class="form-control custom-select mr-2"
    >
      <option
        disabled="disabled"
        value=""
      >
        Show user group
      </option>
       
      <option
        value="inactive"
      >
        inactive users
      </option>
       
    </select>
     
    <i
      class="fa fa-lg fa-spinner fa-spin ml-1 mr-auto text-white"
    />
     
    <router-link-stub
      class="btn btn-success mr-2"
      event="click"
      tag="a"
      to="[object Object]"
    >
      <i
        class="fa fa-user-plus"
      />
       Add Users
    </router-link-stub>
     
    <router-link-stub
      class="btn btn-secondary mr-2"
      event="click"
      tag="a"
      to="[object Object]"
    >
      <i
        class="fa fa-cog"
      />
       Groups
    </router-link-stub>
     
    <div
      class="dropdown d-inline-block"
    >
      <button
        aria-expanded="false"
        aria-haspopup="true"
        class="btn dropdown-toggle cursor"
        data-toggle="dropdown"
        id="actionMenuBtn"
        type="button"
      >
        <i
          class="fa fa-wrench text-dark"
        />
         Actions on  users
      
      </button>
       
      <div
        aria-labelledby="actionMenuBtn"
        class="dropdown-menu dropdown-menu-right"
      >
        <a
          class="dropdown-item"
          href="#"
        >
          <i
            class="fa fa-fw fa-user-plus"
          />
           Add groups
        </a>
         
        <a
          class="dropdown-item"
          href="#"
        >
          <i
            class="fa fa-fw fa-user-times"
          />
           Remove groups
        </a>
         
        <a
          class="dropdown-item text-danger"
          href="#"
        >
          <i
            class="fa fa-fw fa-trash"
          />
           Delete users
        </a>
      </div>
    </div>
  </form>
   
  <table
    class="table table-striped table-sm"
  >
    <thead>
      <tr>
        <th
          class="header"
          width="15px"
        >
          <input
            type="checkbox"
          />
        </th>
         
        <th
          aria-sort="ascending"
          class="header headerSortDown"
        >
          Login
        </th>
         
        <th
          class="header"
        >
          Name
        </th>
         
        <th
          class="header"
        >
          Email
        </th>
         
        <th
          class="header"
        >
          Created
        </th>
         
        <th
          class="header"
          width="50px"
        >
          State
        </th>
         
        <th
          class="header"
        >
          Groups
        </th>
         
        <th
          class="header"
          width="50px"
        >
          Actions
        </th>
      </tr>
    </thead>
     
    <tbody />
  </table>
   
  <div
    class="text-muted"
  >
    <p>
      Select a search criterion
    </p>
  </div>
   
  <modaldialog-stub
    name="add-groups-modal"
  >
    <template>
      <i
        class="fa fa-fw fa-user-plus"
      />
       Add groups to 
      <span
        class="text-primary"
      >
        0 users
      </span>
    </template>
      
    <template>
      Add groups
    </template>
  </modaldialog-stub>
   
  <modaldialog-stub
    name="remove-groups-modal"
  >
    <template>
      <i
        class="fa fa-fw fa-user-plus"
      />
       Remove groups to 
      <span
        class="text-primary"
      >
        0 users
      </span>
    </template>
      
    <template>
      Remove groups
    </template>
  </modaldialog-stub>
   
  <modaldialog-stub
    name="edit-groups-modal"
  >
    <template>
      <i
        class="fa fa-fw fa-pencil"
      />
       Edit user groups for 
      <span
        class="text-primary"
      >
        
      </span>
    </template>
     
  </modaldialog-stub>
   
  <div
    aria-hidden="true"
    aria-labelledby="editUserModal"
    class="modal fade edit-user-modal"
    role="dialog"
    tabindex="-1"
  >
    <div
      class="modal-dialog modal-lg"
    >
      <div
        class="modal-content"
      >
        <div
          class="modal-header bg-light"
        >
          <h5
            class="modal-title"
          >
            <i
              class="fa fa-fw fa-pencil"
            />
             Edit 
            <span
              class="text-primary"
            >
              
            </span>
            's profile
          </h5>
           
          <button
            aria-label="Close"
            class="close"
            data-dismiss="modal"
            type="button"
          >
            <span
              aria-hidden="true"
            >
              ×
            </span>
          </button>
        </div>
         
        <div
          class="modal-body px-4 pt-3 pb-0"
        >
          <userform-stub
            admin="true"
            hidden="password"
            mode="edit"
            user="[object Object]"
          />
        </div>
         
        <div
          class="modal-footer border-0 dbg-light"
        >
          <button
            class="btn"
            data-dismiss="modal"
            type="button"
          >
            Close
          </button>
           
          <button
            class="btn btn-success"
            type="button"
          >
            Save profile
          </button>
        </div>
      </div>
    </div>
  </div>
   
  <div
    aria-hidden="true"
    aria-labelledby="emailUserModal"
    class="modal fade email-user-modal"
    role="dialog"
    tabindex="-1"
  >
    <div
      class="modal-dialog modal-lg"
    >
      <div
        class="modal-content"
      >
        <div
          class="modal-header bg-light"
        >
          <h5
            class="modal-title"
          >
            <i
              class="fa fa-fw fa-envelope"
            />
            
            Send email to   
            <span
              class="text-muted"
            >
              ()
            </span>
          </h5>
           
          <button
            aria-label="Close"
            class="close"
            data-dismiss="modal"
            type="button"
          >
            <span
              aria-hidden="true"
            >
              ×
            </span>
          </button>
        </div>
         
        <div
          class="modal-body px-4 pt-3 pb-0"
        >
          <emailform-stub
            message="Dear IoT-LAB user,



Regards,
The FIT IoT-LAB Team
https://www.iot-lab.info"
            subject=""
            to="undefined, admin@iot-lab.info"
          />
        </div>
         
        <div
          class="modal-footer border-0"
        >
          <button
            class="btn"
            data-dismiss="modal"
            type="button"
          >
            Close
          </button>
           
          <button
            class="btn btn-success"
            type="button"
          >
            Send
          </button>
        </div>
      </div>
    </div>
  </div>
</div>
`;
