// Jest Snapshot v1, https://goo.gl/fbAQLP

exports[`AdminExperiments.vue should match snapshot 1`] = `
<div
  class="container mt-3"
>
  <h4>
    All experiments
    
    <!---->
  </h4>
   
  <p>
    <span
      class="badge badge-pill badge-success"
    >
      ?
    </span>
     Running
    
    <span
      class="badge badge-pill badge-warning"
    >
      ?
    </span>
     Scheduled
    
    <span
      class="badge badge-pill badge-dark"
    >
      ?
    </span>
     Completed
  
  </p>
   
  <experimentlist-stub
    show="500"
    state="all_scheduled"
    step="40"
    title="Scheduled"
    total="0"
    user=""
  />
   
  <!---->
   
  <i
    class="fa fa-spinner fa-spin fa-fw mr-1"
  />
   
  <i>
    loading experiments
  </i>
</div>
`;
