// Jest Snapshot v1, https://goo.gl/fbAQLP

exports[`AdminAddUser.vue should match snapshot 1`] = `
<div
  class="container mt-3"
>
  <h2>
    Add user
  </h2>
   
  <div
    class="row"
  >
    <div
      class="col-md-3 mb-4"
    >
      <div
        class="list-group"
        id="list-tab"
        role="tablist"
      >
        <a
          aria-controls="single"
          class="list-group-item list-group-item-action active"
          data-toggle="list"
          href="#list-single"
          id="list-single-list"
          role="tab"
        >
          <i
            aria-hidden="true"
            class="fa fa-fw fa-user"
          />
           Single account
        
        </a>
         
        <a
          aria-controls="multiple"
          class="list-group-item list-group-item-action"
          data-toggle="list"
          href="#list-multiple"
          id="list-multiple-list"
          role="tab"
        >
          <i
            aria-hidden="true"
            class="fa fa-fw fa-users"
          />
           Multiple accounts
        
        </a>
      </div>
    </div>
     
    <div
      class="col-md-9"
    >
      <div
        class="tab-content"
        id="nav-tabContent"
      >
        <div
          aria-labelledby="list-single-list"
          class="tab-pane fade show active"
          id="list-single"
          role="tabpanel"
        >
          <form>
            <userform-stub
              admin="true"
              hidden="password"
              mode="create"
              user="[object Object]"
            />
             
            <div
              class="form-group"
            >
              <label
                class="custom-control custom-control-inline custom-checkbox"
              >
                <input
                  class="custom-control-input"
                  name="mailinglist"
                  type="checkbox"
                />
                 
                <span
                  class="custom-control-label"
                >
                  
                  Subscribing IoT-LAB users mailing list.
                
                </span>
              </label>
            </div>
             
            <div
              class="form-group"
            >
              <button
                class="btn btn-success"
                type="submit"
              >
                Create account
              </button>
               
              <button
                class="btn btn-secondary ml-1"
                type="reset"
              >
                Clear
              </button>
            </div>
          </form>
        </div>
         
        <div
          aria-labelledby="list-multiple-list"
          class="tab-pane fade show"
          id="list-multiple"
          role="tabpanel"
        >
          <form>
            <div
              class="row"
            >
              <div
                class="col-md-6"
              >
                <div
                  class="form-group"
                >
                  <label
                    class="form-control-label"
                  >
                    Login
                  </label>
                   
                  <div
                    class="input-group"
                  >
                    <input
                      class="form-control"
                      data-vv-delay="400"
                      name="login"
                      placeholder="login"
                      type="text"
                    />
                     
                    <span
                      class="input-group-addon"
                    >
                      1 to 3
                    </span>
                  </div>
                   
                  <div
                    class="invalid-feedback"
                    style="display: none;"
                  >
                    
                      
                    
                  </div>
                </div>
              </div>
               
              <div
                class="col-6 col-lg-4"
              >
                <div
                  class="form-group"
                >
                  <label
                    class="form-control-label"
                  >
                    How many accounts?
                  </label>
                   
                  <div
                    class="input-group"
                  >
                    <span
                      class="input-group-btn"
                    >
                      <button
                        class="btn btn-outline-secondary"
                        type="button"
                      >
                        <i
                          class="fa fa-minus"
                        />
                      </button>
                    </span>
                     
                    <input
                      class="form-control"
                      type="text"
                    />
                     
                    <span
                      class="input-group-btn"
                    >
                      <button
                        class="btn btn-outline-secondary"
                        type="button"
                      >
                        <i
                          class="fa fa-plus"
                        />
                      </button>
                    </span>
                  </div>
                </div>
              </div>
            </div>
             
            <userform-stub
              admin="true"
              hidden="firstName,lastName,email,password"
              mode="create"
              user="[object Object]"
            />
             
            <div
              class="form-group"
            >
              <button
                class="btn btn-success"
                type="submit"
              >
                Create accounts
              </button>
               
              <button
                class="btn btn-secondary ml-1"
                type="reset"
              >
                Clear
              </button>
            </div>
          </form>
        </div>
      </div>
    </div>
  </div>
</div>
`;
