// Jest Snapshot v1, https://goo.gl/fbAQLP

exports[`AdminExperiments.vue should match snapshot 1`] = `
<div
  class="container mt-3"
>
  <div
    class="row"
  >
    <div
      class="col-md-10"
    >
      <h2>
        
        All experiments
        
        <!---->
      </h2>
       
      <p>
        <span
          class="badge badge-pill badge-success"
        >
          ?
        </span>
         Running
        
        <span
          class="badge badge-pill badge-warning"
        >
          ?
        </span>
         Scheduled
        
        <span
          class="badge badge-pill badge-dark"
        >
          ?
        </span>
         Completed
      
      </p>
       
      <experimentlist-stub
        show="500"
        started="0"
        state="all_scheduled"
        step="40"
        title="Scheduled"
        total="0"
        user=""
      />
       
      <!---->
       
      <i
        class="fa fa-spinner fa-spin fa-fw"
      />
       
      <i>
        loading experiments
      </i>
    </div>
     
    <div
      class="col"
    />
  </div>
</div>
`;
