// Jest Snapshot v1, https://goo.gl/fbAQLP

exports[`Monitoring.vue should match snapshot 1`] = `
<div
  class="container"
>
  <div
    class="row"
  >
    <div
      class="col-md-7"
    >
      <!---->
       
      <h5>
        <i
          class="fa fa-pencil"
        />
         New monitoring profile
      </h5>
       
      <monitoringform-stub
        monitoringprofile="[object Object]"
      />
    </div>
  </div>
</div>
`;
